// Jest Snapshot v1, https://goo.gl/fbAQLP

exports[`<PortfolioCard /> should render correctly 1`] = `
<Styled(Component)>
  <Styled(Card)
    ouiaId="portfolio-123"
  >
    <CardHeader>
      <PortfolioCardHeader
        headerActions={
          <HeaderActions
            handleCopyPortfolio={[MockFunction]}
            portfolioId="123"
            userCapabilities={
              Object {
                "copy": true,
                "destroy": true,
                "share": true,
                "tags": true,
                "unshare": true,
                "update": true,
              }
            }
          />
        }
        id="123"
        portfolioName="name"
        portfolio_items={0}
        to={
          Object {
            "pathname": "/portfolios/portfolio",
            "search": "?portfolio=123",
          }
        }
      />
    </CardHeader>
    <Styled(CardBody)>
      <TextContent
        className="pf-u-mb-md"
      >
        <Text
          className="pf-u-mb-0"
          component="small"
        >
          Last updated 
          <DateFormat
            date="created"
            type="relative"
          />
        </Text>
        <Text
          component="small"
        >
          by 
          Owner
        </Text>
      </TextContent>
      <ItemDetails
        created_at="created"
        description="description"
        modified="modified"
        name="name"
        owner="Owner"
        portfolioName="foo"
        toDisplay={
          Array [
            "description",
          ]
        }
      />
    </Styled(CardBody)>
    <CardFooter>
         
    </CardFooter>
  </Styled(Card)>
</Styled(Component)>
`;
