// Jest Snapshot v1, https://goo.gl/fbAQLP

exports[`<CardCommon /> should render correctly empty 1`] = `<ItemDetails />`;

exports[`<CardCommon /> should render correctly with content 1`] = `
<ItemDetails
  bar={
    <h1>
      Bar content
    </h1>
  }
  foo="Foo content"
  toDisplay={
    Array [
      "foo",
      "bar",
    ]
  }
>
  <Truncate
    ellipsis={
      <Tooltip
        content={
          <div>
            Foo content
          </div>
        }
      >
        <span>
          ...
        </span>
      </Tooltip>
    }
    key="tcard-prop-foo"
    lines={3}
    trimWhitespace={false}
    width={0}
  >
    <span
      width={0}
    >
      <span />
      <span>
        <styled.div
          key="card-prop-foo"
        >
          <div
            className="sc-bczRLJ kBMtkl"
          >
            Foo content
          </div>
        </styled.div>
      </span>
      <span
        style={
          Object {
            "left": 0,
            "position": "fixed",
            "top": 0,
            "visibility": "hidden",
          }
        }
      >
        <Tooltip
          content={
            <div>
              Foo content
            </div>
          }
        >
          <Popper
            appendTo={[Function]}
            distance={15}
            enableFlip={true}
            flipBehavior={
              Array [
                "top",
                "right",
                "bottom",
                "left",
                "top",
                "right",
                "bottom",
              ]
            }
            isVisible={false}
            onBlur={[Function]}
            onDocumentClick={false}
            onDocumentKeyDown={[Function]}
            onFocus={[Function]}
            onMouseEnter={[Function]}
            onMouseLeave={[Function]}
            onPopperMouseEnter={[Function]}
            onPopperMouseLeave={[Function]}
            onTriggerEnter={[Function]}
            placement="top"
            popper={
              <div
                aria-live="off"
                className="pf-c-tooltip"
                id="pf-tooltip-1"
                role="tooltip"
                style={
                  Object {
                    "maxWidth": null,
                    "opacity": 0,
                    "transition": "opacity 300ms cubic-bezier(.54, 1.5, .38, 1.11)",
                  }
                }
              >
                <TooltipArrow />
                <TooltipContent
                  isLeftAligned={false}
                >
                  <div>
                    Foo content
                  </div>
                </TooltipContent>
              </div>
            }
            popperMatchesTriggerWidth={false}
            positionModifiers={
              Object {
                "bottom": "pf-m-bottom",
                "bottom-end": "pf-m-bottom-right",
                "bottom-start": "pf-m-bottom-left",
                "left": "pf-m-left",
                "left-end": "pf-m-left-bottom",
                "left-start": "pf-m-left-top",
                "right": "pf-m-right",
                "right-end": "pf-m-right-bottom",
                "right-start": "pf-m-right-top",
                "top": "pf-m-top",
                "top-end": "pf-m-top-right",
                "top-start": "pf-m-top-left",
              }
            }
            trigger={
              <span>
                ...
              </span>
            }
            zIndex={9999}
          >
            <FindRefWrapper
              onFoundRef={[Function]}
            >
              <span>
                ...
              </span>
            </FindRefWrapper>
          </Popper>
        </Tooltip>
      </span>
    </span>
  </Truncate>
  <Truncate
    ellipsis={
      <Tooltip
        content={
          <div>
            <h1>
              Bar content
            </h1>
          </div>
        }
      >
        <span>
          ...
        </span>
      </Tooltip>
    }
    key="tcard-prop-bar"
    lines={3}
    trimWhitespace={false}
    width={0}
  >
    <span
      width={0}
    >
      <span />
      <span>
        <styled.div
          key="card-prop-bar"
        >
          <div
            className="sc-bczRLJ kBMtkl"
          >
            <h1>
              Bar content
            </h1>
          </div>
        </styled.div>
      </span>
      <span
        style={
          Object {
            "left": 0,
            "position": "fixed",
            "top": 0,
            "visibility": "hidden",
          }
        }
      >
        <Tooltip
          content={
            <div>
              <h1>
                Bar content
              </h1>
            </div>
          }
        >
          <Popper
            appendTo={[Function]}
            distance={15}
            enableFlip={true}
            flipBehavior={
              Array [
                "top",
                "right",
                "bottom",
                "left",
                "top",
                "right",
                "bottom",
              ]
            }
            isVisible={false}
            onBlur={[Function]}
            onDocumentClick={false}
            onDocumentKeyDown={[Function]}
            onFocus={[Function]}
            onMouseEnter={[Function]}
            onMouseLeave={[Function]}
            onPopperMouseEnter={[Function]}
            onPopperMouseLeave={[Function]}
            onTriggerEnter={[Function]}
            placement="top"
            popper={
              <div
                aria-live="off"
                className="pf-c-tooltip"
                id="pf-tooltip-2"
                role="tooltip"
                style={
                  Object {
                    "maxWidth": null,
                    "opacity": 0,
                    "transition": "opacity 300ms cubic-bezier(.54, 1.5, .38, 1.11)",
                  }
                }
              >
                <TooltipArrow />
                <TooltipContent
                  isLeftAligned={false}
                >
                  <div>
                    <h1>
                      Bar content
                    </h1>
                  </div>
                </TooltipContent>
              </div>
            }
            popperMatchesTriggerWidth={false}
            positionModifiers={
              Object {
                "bottom": "pf-m-bottom",
                "bottom-end": "pf-m-bottom-right",
                "bottom-start": "pf-m-bottom-left",
                "left": "pf-m-left",
                "left-end": "pf-m-left-bottom",
                "left-start": "pf-m-left-top",
                "right": "pf-m-right",
                "right-end": "pf-m-right-bottom",
                "right-start": "pf-m-right-top",
                "top": "pf-m-top",
                "top-end": "pf-m-top-right",
                "top-start": "pf-m-top-left",
              }
            }
            trigger={
              <span>
                ...
              </span>
            }
            zIndex={9999}
          >
            <FindRefWrapper
              onFoundRef={[Function]}
            >
              <span>
                ...
              </span>
            </FindRefWrapper>
          </Popper>
        </Tooltip>
      </span>
    </span>
  </Truncate>
</ItemDetails>
`;
