// Jest Snapshot v1, https://goo.gl/fbAQLP

exports[`<CardCheckbox /> should render correctly 1`] = `
<Checkbox
  aria-label="card checkbox"
  className=""
  component="div"
  id="foo-id"
  isChecked={false}
  isDisabled={false}
  isValid={true}
  onChange={[MockFunction]}
  onClick={[Function]}
  ouiaSafe={true}
/>
`;
