// Jest Snapshot v1, https://goo.gl/fbAQLP

exports[`<AddPortfolioModal /> should render correctly 1`] = `
<ContextProvider
  value={
    Object {
      "store": Object {
        "clearActions": [Function],
        "dispatch": [Function],
        "getActions": [Function],
        "getState": [Function],
        "replaceReducer": [Function],
        "subscribe": [Function],
      },
      "subscription": Object {
        "addNestedSub": [Function],
        "getListeners": [Function],
        "handleChangeWrapper": [Function],
        "isSubscribed": [Function],
        "notifyNestedSubs": [Function],
        "trySubscribe": [Function],
        "tryUnsubscribe": [Function],
      },
    }
  }
>
  <MemoryRouter
    initialEntries={
      Array [
        "/portfolios",
      ]
    }
  >
    <AddPortfolioModal
      closeTarget="/close-target"
      fetchPortfolios={[MockFunction]}
    />
  </MemoryRouter>
</ContextProvider>
`;
